[13:23:12] === Autonomous Personal AI Assistant Build ===
[13:23:13] RefineAI server ready.
[13:23:13] Planning Personal AI Assistant...
[13:23:22] Plan ready: "Personal AI Assistant" (14 files)
[13:23:22] Building 14 files...
[13:23:22]   Building app/page.tsx...
[13:23:30]   → app/page.tsx: 95%
[13:23:30]   Building app/api/chat/route.ts...
[13:24:49]   → app/api/chat/route.ts: 0%
[13:24:49]   Building app/api/tasks/route.ts...
[13:25:25]   → app/api/tasks/route.ts: 95%
[13:25:25]   Building app/api/habits/route.ts...
[13:25:31]   → app/api/habits/route.ts: 95%
[13:25:31]   Building app/api/notes/route.ts...
[13:25:36]   → app/api/notes/route.ts: 95%
[13:25:36]   Building app/api/daily-summary/route.ts...
[13:25:42]   → app/api/daily-summary/route.ts: 97%
[13:25:42]   Building app/layout.tsx...
[13:25:48]   → app/layout.tsx: 95%
[13:25:48]   Building app/globals.css...
[13:25:50]   → app/globals.css: 95%
[13:25:50]   Building package.json...
[13:25:53]   → package.json: 97%
[13:25:53]   Building tsconfig.json...
[13:25:55]   → tsconfig.json: 95%
[13:25:55]   Building next.config.mjs...
[13:25:56]   → next.config.mjs: 95%
[13:25:56]   Building tailwind.config.ts...
[13:26:07]   → tailwind.config.ts: 95%
[13:26:07]   Building postcss.config.mjs...
[13:26:16]   → postcss.config.mjs: 100%
[13:26:16]   Building README.md...
[13:26:30]   → README.md: 95%
[13:26:31] Testing 4 API route(s)...
[13:26:32]   OK app/api/tasks/route.ts
[13:26:36]   OK app/api/habits/route.ts
[13:26:37]   OK app/api/notes/route.ts
[13:26:38]   OK app/api/daily-summary/route.ts
[13:26:39] Quality pass 1: 1 file(s) below 95%
[13:26:39]   Building app/api/chat/route.ts...
[13:26:54]   → app/api/chat/route.ts: 95%
[13:26:54] All files meet 95%+ threshold.
[13:26:59] Testing RefineAI API routes...
[13:26:59]   RefineAI /api/health: 200
[13:26:59]   RefineAI /api/projects: 200
[13:26:59]   RefineAI /api/preview/status: 200
[13:26:59] Starting preview on port 3001...
[13:28:32] Preview error: Preview failed to start
[13:28:32] Preview failed to start — attempting sync/fix...
[13:28:40]   Preview /: error
[13:28:40]   Preview /api/tasks: error
[13:28:40]   Preview /api/chat: error
[13:28:40]   Preview /api/habits: error
[13:28:40]   Preview /api/notes: error
[13:28:40]   Preview /api/summary: error
[13:28:41] Report written to BUILD_REPORT.json
[13:28:41] 
=== BUILD COMPLETE ===
[13:28:41] Project: Personal AI Assistant
[13:28:41] Files: 14/14 | Avg score: 96%
[13:28:41] Preview: http://localhost:3001
[13:28:41] RefineAI: http://localhost:3000
